C:/Users/patry/Desktop/Testowe repo/mcs_screen_app/Core/Src/main.c:745:6:StartDefaultTask	8	static
C:/Users/patry/Desktop/Testowe repo/mcs_screen_app/Core/Src/main.c:248:6:SystemClock_Config	88	static
C:/Users/patry/Desktop/Testowe repo/mcs_screen_app/Core/Src/main.c:140:5:main	120	static,ignoring_inline_asm
C:/Users/patry/Desktop/Testowe repo/mcs_screen_app/Core/Src/main.c:801:6:HAL_TIM_PeriodElapsedCallback	0	static
C:/Users/patry/Desktop/Testowe repo/mcs_screen_app/Core/Src/main.c:818:6:Error_Handler	0	static
