C:/Users/patry/Desktop/again/mcs_screen_app/Core/Src/stm32f7xx_hal_msp.c:64:6:HAL_MspInit	8	static
C:/Users/patry/Desktop/again/mcs_screen_app/Core/Src/stm32f7xx_hal_msp.c:88:6:HAL_CRC_MspInit	8	static
C:/Users/patry/Desktop/again/mcs_screen_app/Core/Src/stm32f7xx_hal_msp.c:110:6:HAL_CRC_MspDeInit	0	static
C:/Users/patry/Desktop/again/mcs_screen_app/Core/Src/stm32f7xx_hal_msp.c:132:6:HAL_DMA2D_MspInit	16	static
C:/Users/patry/Desktop/again/mcs_screen_app/Core/Src/stm32f7xx_hal_msp.c:157:6:HAL_DMA2D_MspDeInit	0	static
C:/Users/patry/Desktop/again/mcs_screen_app/Core/Src/stm32f7xx_hal_msp.c:182:6:HAL_I2C_MspInit	176	static
C:/Users/patry/Desktop/again/mcs_screen_app/Core/Src/stm32f7xx_hal_msp.c:266:6:HAL_I2C_MspDeInit	8	static
C:/Users/patry/Desktop/again/mcs_screen_app/Core/Src/stm32f7xx_hal_msp.c:320:6:HAL_LTDC_MspInit	192	static
C:/Users/patry/Desktop/again/mcs_screen_app/Core/Src/stm32f7xx_hal_msp.c:437:6:HAL_LTDC_MspDeInit	8	static
C:/Users/patry/Desktop/again/mcs_screen_app/Core/Src/stm32f7xx_hal_msp.c:506:6:HAL_QSPI_MspInit	64	static
C:/Users/patry/Desktop/again/mcs_screen_app/Core/Src/stm32f7xx_hal_msp.c:569:6:HAL_QSPI_MspDeInit	8	static
C:/Users/patry/Desktop/again/mcs_screen_app/Core/Src/stm32f7xx_hal_msp.c:708:6:HAL_SDRAM_MspInit	48	static
C:/Users/patry/Desktop/again/mcs_screen_app/Core/Src/stm32f7xx_hal_msp.c:794:6:HAL_SDRAM_MspDeInit	8	static
