../../Middlewares/ST/touchgfx/framework/include/touchgfx/Screen.hpp:104:18:virtual void touchgfx::Screen::afterTransition()	0	static
../../Middlewares/ST/touchgfx/framework/include/touchgfx/Screen.hpp:144:18:virtual void touchgfx::Screen::handleTickEvent()	0	static
../../Middlewares/ST/touchgfx/framework/include/touchgfx/Screen.hpp:154:18:virtual void touchgfx::Screen::handleKeyEvent(uint8_t)	0	static
C:/Users/patry/Desktop/again/mcs_screen_app/TouchGFX/gui/src/screen2_screen/Screen2View.cpp:15:6:virtual void Screen2View::tearDownScreen()	0	static
../../TouchGFX/gui/include/gui/screen2_screen/Screen2View.hpp:11:13:Screen2View::~Screen2View()	8	static
../../TouchGFX/gui/include/gui/screen2_screen/Screen2View.hpp:11:13:virtual Screen2View::~Screen2View()	8	static
../../Middlewares/ST/touchgfx/framework/include/touchgfx/Drawable.hpp:255:10:void touchgfx::Drawable::centerX()	8	static
C:/Users/patry/Desktop/again/mcs_screen_app/TouchGFX/gui/src/screen2_screen/Screen2View.cpp:5:1:Screen2View::Screen2View()	8	static
C:/Users/patry/Desktop/again/mcs_screen_app/TouchGFX/gui/src/screen2_screen/Screen2View.cpp:10:6:virtual void Screen2View::setupScreen()	0	static
C:/Users/patry/Desktop/again/mcs_screen_app/TouchGFX/gui/src/screen2_screen/Screen2View.cpp:77:6:void Screen2View::speed_update_value(uint32_t)	16	static
C:/Users/patry/Desktop/again/mcs_screen_app/TouchGFX/gui/src/screen2_screen/Screen2View.cpp:125:6:void Screen2View::leng_update_value(uint32_t)	16	static
C:/Users/patry/Desktop/again/mcs_screen_app/TouchGFX/gui/src/screen2_screen/Screen2View.cpp:133:6:void Screen2View::linv_update_value(uint32_t)	16	static
C:/Users/patry/Desktop/again/mcs_screen_app/TouchGFX/gui/src/screen2_screen/Screen2View.cpp:141:6:void Screen2View::bat_update_value(uint32_t)	16	static
C:/Users/patry/Desktop/again/mcs_screen_app/TouchGFX/gui/src/screen2_screen/Screen2View.cpp:149:6:void Screen2View::rinv_update_value(uint32_t)	16	static
C:/Users/patry/Desktop/again/mcs_screen_app/TouchGFX/gui/src/screen2_screen/Screen2View.cpp:157:6:void Screen2View::reng_update_value(uint32_t)	16	static
C:/Users/patry/Desktop/again/mcs_screen_app/TouchGFX/gui/src/screen2_screen/Screen2View.cpp:165:6:void Screen2View::err_update_value(uint32_t)	16	static
C:/Users/patry/Desktop/again/mcs_screen_app/TouchGFX/gui/src/screen2_screen/Screen2View.cpp:173:6:void Screen2View::hv_update_value(uint32_t)	16	static
C:/Users/patry/Desktop/again/mcs_screen_app/TouchGFX/gui/src/screen2_screen/Screen2View.cpp:181:6:void Screen2View::low_update_value(uint32_t)	16	static
C:/Users/patry/Desktop/again/mcs_screen_app/TouchGFX/gui/src/screen2_screen/Screen2View.cpp:20:6:void Screen2View::map_update_value(uint32_t)	32	static
C:/Users/patry/Desktop/again/mcs_screen_app/TouchGFX/gui/src/screen2_screen/Screen2View.cpp:57:6:void Screen2View::tc_update_value(uint32_t)	32	static
C:/Users/patry/Desktop/again/mcs_screen_app/TouchGFX/gui/src/screen2_screen/Screen2View.cpp:85:6:void Screen2View::diff_update_value(uint32_t)	32	static
C:/Users/patry/Desktop/again/mcs_screen_app/TouchGFX/gui/src/screen2_screen/Screen2View.cpp:105:6:void Screen2View::tsac_update_value(uint32_t)	32	static
